============================================================
TESTING CASALGRANDE PARSER
============================================================
✅ Parser found: CasalgrandeParser
   Base URL: https://www.casalgrandepadana.de
   Slug: casalgrande

============================================================
TEST 1: Extracting Collections
============================================================
🔍 Парсинг коллекций Casalgrande через sitemap...
  В sitemap найдено записей: 75
  ✅ Найдено коллекций: 0
✅ Extracted 0 collections
⚠️  No collections found!


============================================================
TEST 3: Extracting Projects
============================================================
🔍 Парсинг проектов Casalgrande через sitemap...
  📄 Загрузка: https://www.casalgrandepadana.de/projekte/uae-pavilion-saadiyat-island-abu-dabi-uae
  ⬇️  Скачивание: https://www.casalgrandepadana.de/_next/image?url=https%3A%2F%2Fwww.casalgrandepa...
  ✓ Сохранено: casalgrande_776c1b56dc.jpg (20905 bytes)
  📄 Загрузка: https://www.casalgrandepadana.de/projekte/the-interior-design-of-the-swimming-pool-and-sauna-complex
  ℹ️  Изображение уже существует: casalgrande_776c1b56dc.jpg
  📄 Загрузка: https://www.casalgrandepadana.de/projekte/chiesa-neo-apostolica-di-kornwestheim
  ℹ️  Изображение уже существует: casalgrande_776c1b56dc.jpg
  📄 Загрузка: https://www.casalgrandepadana.de/projekte/nuovo-complesso-parrocchiale-resurrezione-di-nostro-signore
  ℹ️  Изображение уже существует: casalgrande_776c1b56dc.jpg
  📄 Загрузка: https://www.casalgrandepadana.de/projekte/complesso-parrocchiale-madonna-delle-grazie
  ℹ️  Изображение уже существует: casalgrande_776c1b56dc.jpg
  📄 Загрузка: https://www.casalgrandepadana.de/projekte/pole-aqualudique-du-paicherou
  ℹ️  Изображение уже существует: casalgrande_776c1b56dc.jpg
  📄 Загрузка: https://www.casalgrandepadana.de/projekte/casa-nb
  ℹ️  Изображение уже существует: casalgrande_776c1b56dc.jpg
  📄 Загрузка: https://www.casalgrandepadana.de/projekte/un-moderno-loft-black-e-white
  ℹ️  Изображение уже существует: casalgrande_776c1b56dc.jpg
  📄 Загрузка: https://www.casalgrandepadana.de/projekte/urban-beach-house
  ℹ️  Изображение уже существует: casalgrande_776c1b56dc.jpg
  📄 Загрузка: https://www.casalgrandepadana.de/projekte/ristrutturazione-appartamento-a-rozzano
  ℹ️  Изображение уже существует: casalgrande_776c1b56dc.jpg
  📄 Загрузка: https://www.casalgrandepadana.de/projekte/urbagreen-romainville-france
  ℹ️  Изображение уже существует: casalgrande_776c1b56dc.jpg
  📄 Загрузка: https://www.casalgrandepadana.de/projekte/villa-dellago
  ℹ️  Изображение уже существует: casalgrande_776c1b56dc.jpg
  📄 Загрузка: https://www.casalgrandepadana.de/projekte/spitfire-gallery-potteries-museum-and-art-gallery-
  ℹ️  Изображение уже существует: casalgrande_776c1b56dc.jpg
  📄 Загрузка: https://www.casalgrandepadana.de/projekte/living-blue-lambrate-milan-italy
  ℹ️  Изображение уже существует: casalgrande_776c1b56dc.jpg
  📄 Загрузка: https://www.casalgrandepadana.de/projekte/8eme-art-marseilles-france
  ℹ️  Изображение уже существует: casalgrande_776c1b56dc.jpg
  📄 Загрузка: https://www.casalgrandepadana.de/projekte/centre-aquatique-aqua-ns-flixecourt-france
  ℹ️  Изображение уже существует: casalgrande_776c1b56dc.jpg
  📄 Загрузка: https://www.casalgrandepadana.de/projekte/lycee-simone-veil-liffre-france
  ℹ️  Изображение уже существует: casalgrande_776c1b56dc.jpg
  📄 Загрузка: https://www.casalgrandepadana.de/projekte/aga-khan-university-karachi-pakistan
  ℹ️  Изображение уже существует: casalgrande_776c1b56dc.jpg
  📄 Загрузка: https://www.casalgrandepadana.de/projekte/buza-gelato-gallery-tel-aviv-israel
  ℹ️  Изображение уже существует: casalgrande_776c1b56dc.jpg
  📄 Загрузка: https://www.casalgrandepadana.de/projekte/szent-gellert-school-budapest-hungary
  ℹ️  Изображение уже существует: casalgrande_776c1b56dc.jpg
  📄 Загрузка: https://www.casalgrandepadana.de/projekte/market-hall-oulu-oulu-finland
  ℹ️  Изображение уже существует: casalgrande_776c1b56dc.jpg
  📄 Загрузка: https://www.casalgrandepadana.de/projekte/villa-ginevra-geneva-switzerland
  ℹ️  Изображение уже существует: casalgrande_776c1b56dc.jpg
  📄 Загрузка: https://www.casalgrandepadana.de/projekte/cyber-place-hub-dellinnovazione-a-cesson-sevigne-rennes
  ℹ️  Изображение уже существует: casalgrande_776c1b56dc.jpg
  📄 Загрузка: https://www.casalgrandepadana.de/projekte/dom-na-staszelowce-w-koscielisku-polonia
  ℹ️  Изображение уже существует: casalgrande_776c1b56dc.jpg
  📄 Загрузка: https://www.casalgrandepadana.de/projekte/roberto-rocca-innovation-buildinghumanitas-a-pieve-emanuele-milano
  ℹ️  Изображение уже существует: casalgrande_776c1b56dc.jpg
  📄 Загрузка: https://www.casalgrandepadana.de/projekte/nuovo-refettorio-e-cucina-industriale-del-pontificio-istituto-orientale-a-roma
  ℹ️  Изображение уже существует: casalgrande_776c1b56dc.jpg
  📄 Загрузка: https://www.casalgrandepadana.de/projekte/ironmonger-row-bath-spa-a-londra-uk-sauna-360
  ℹ️  Изображение уже существует: casalgrande_776c1b56dc.jpg
  📄 Загрузка: https://www.casalgrandepadana.de/projekte/piscina-tournesol-aldebert-bellier-a-taverny-francia
  ℹ️  Изображение уже существует: casalgrande_776c1b56dc.jpg
  📄 Загрузка: https://www.casalgrandepadana.de/projekte/rem-station-a-montreal-canada
  ℹ️  Изображение уже существует: casalgrande_776c1b56dc.jpg
  📄 Загрузка: https://www.casalgrandepadana.de/projekte/edificio-residenziale-nunziare-ii-ad-aversa-napoli
  ℹ️  Изображение уже существует: casalgrande_776c1b56dc.jpg
  📄 Загрузка: https://www.casalgrandepadana.de/projekte/plesso-scolastico-di-busca-cuneo
  ℹ️  Изображение уже существует: casalgrande_776c1b56dc.jpg
  📄 Загрузка: https://www.casalgrandepadana.de/projekte/quartiere-residenziale-milano-30-a-milano
  ℹ️  Изображение уже существует: casalgrande_776c1b56dc.jpg
  📄 Загрузка: https://www.casalgrandepadana.de/projekte/riqualificazione-residenze-sito-eai-ex-scuola-fanteria-a-montpellier
  ℹ️  Изображение уже существует: casalgrande_776c1b56dc.jpg
  📄 Загрузка: https://www.casalgrandepadana.de/projekte/jesolo-lido-beach-villa-lido-di-jesolo-italy
  ℹ️  Изображение уже существует: casalgrande_776c1b56dc.jpg
  📄 Загрузка: https://www.casalgrandepadana.de/projekte/residenze-e-alloggi-per-studenti-ad-asnieres-sur-seine
  ℹ️  Изображение уже существует: casalgrande_776c1b56dc.jpg
  📄 Загрузка: https://www.casalgrandepadana.de/projekte/house-kd
  ℹ️  Изображение уже существует: casalgrande_776c1b56dc.jpg
  📄 Загрузка: https://www.casalgrandepadana.de/projekte/house-rs
  ℹ️  Изображение уже существует: casalgrande_776c1b56dc.jpg
  📄 Загрузка: https://www.casalgrandepadana.de/projekte/chiesa-regina-pacis
  ℹ️  Изображение уже существует: casalgrande_776c1b56dc.jpg
  📄 Загрузка: https://www.casalgrandepadana.de/projekte/metropolitana-di-catania
  ℹ️  Изображение уже существует: casalgrande_776c1b56dc.jpg
  📄 Загрузка: https://www.casalgrandepadana.de/projekte/stazione-metro-colosseo-roma
  ℹ️  Изображение уже существует: casalgrande_776c1b56dc.jpg
  📄 Загрузка: https://www.casalgrandepadana.de/projekte/hotel-fedora
  ℹ️  Изображение уже существует: casalgrande_776c1b56dc.jpg
  📄 Загрузка: https://www.casalgrandepadana.de/projekte/piscina-podere-necione
  ℹ️  Изображение уже существует: casalgrande_776c1b56dc.jpg
  📄 Загрузка: https://www.casalgrandepadana.de/projekte/nuova-scuola-secondaria-puos-dalpago
  ℹ️  Изображение уже существует: casalgrande_776c1b56dc.jpg
  📄 Загрузка: https://www.casalgrandepadana.de/projekte/dekada-shopping-centre-nysa-poland
  ℹ️  Изображение уже существует: casalgrande_776c1b56dc.jpg
  📄 Загрузка: https://www.casalgrandepadana.de/projekte/experimenta-science-centre-heilbronn-germany
  ℹ️  Изображение уже существует: casalgrande_776c1b56dc.jpg
  📄 Загрузка: https://www.casalgrandepadana.de/projekte/angelini-headquarters-rome-italy
  ℹ️  Изображение уже существует: casalgrande_776c1b56dc.jpg
  📄 Загрузка: https://www.casalgrandepadana.de/projekte/bruzzesi-7-studios-milan-italy
  ℹ️  Изображение уже существует: casalgrande_776c1b56dc.jpg
  📄 Загрузка: https://www.casalgrandepadana.de/projekte/associated-press-headquarters-new-york-city-usa
  ℹ️  Изображение уже существует: casalgrande_776c1b56dc.jpg
  📄 Загрузка: https://www.casalgrandepadana.de/projekte/una-piscina-nel-paesaggio
  ℹ️  Изображение уже существует: casalgrande_776c1b56dc.jpg
  📄 Загрузка: https://www.casalgrandepadana.de/projekte/die-platten-von-casalgrande-padana-bei-der-uno
  ℹ️  Изображение уже существует: casalgrande_776c1b56dc.jpg
  📄 Загрузка: https://www.casalgrandepadana.de/projekte/westin-maldives-miriandhoo-resort
  ℹ️  Изображение уже существует: casalgrande_776c1b56dc.jpg
  📄 Загрузка: https://www.casalgrandepadana.de/projekte/klab-prato-italy-
  ℹ️  Изображение уже существует: casalgrande_776c1b56dc.jpg
  📄 Загрузка: https://www.casalgrandepadana.de/projekte/humanitas-university-campus-
  ℹ️  Изображение уже существует: casalgrande_776c1b56dc.jpg
  📄 Загрузка: https://www.casalgrandepadana.de/projekte/humanitas-congress-center-filippo-taidelli-archite
  ℹ️  Изображение уже существует: casalgrande_776c1b56dc.jpg
  📄 Загрузка: https://www.casalgrandepadana.de/projekte/luxline-pori-finland-hjelm-luontola-birgitta
  ℹ️  Изображение уже существует: casalgrande_776c1b56dc.jpg
  📄 Загрузка: https://www.casalgrandepadana.de/projekte/alpin-panorama-hotel-hubertus-italy-designer-noa-n
  ℹ️  Изображение уже существует: casalgrande_776c1b56dc.jpg
  📄 Загрузка: https://www.casalgrandepadana.de/projekte/eurostop-halmstad-sweden-dahl-josefine-ramboll
  ℹ️  Изображение уже существует: casalgrande_776c1b56dc.jpg
  📄 Загрузка: https://www.casalgrandepadana.de/projekte/i-giardini-di-gabriel-asnieres-sur-seine-france-al
  ℹ️  Изображение уже существует: casalgrande_776c1b56dc.jpg
  📄 Загрузка: https://www.casalgrandepadana.de/projekte/nuovo-complesso-didattico-ed-espositivo-dallara-al
  ℹ️  Изображение уже существует: casalgrande_776c1b56dc.jpg
  📄 Загрузка: https://www.casalgrandepadana.de/projekte/e-house-egerszalok-hungary-papp-gloria-p-art-ltd-t
  ℹ️  Изображение уже существует: casalgrande_776c1b56dc.jpg
  📄 Загрузка: https://www.casalgrandepadana.de/projekte/riviera-shopping-center-kmita-magda-blank-architec
  ℹ️  Изображение уже существует: casalgrande_776c1b56dc.jpg
  📄 Загрузка: https://www.casalgrandepadana.de/projekte/casa-mm-lamporecchio-italy-riccardo-cioli-vanni-an
  ℹ️  Изображение уже существует: casalgrande_776c1b56dc.jpg
  📄 Загрузка: https://www.casalgrandepadana.de/projekte/la-barquiere-marseille-france-jean-baptiste-pietri
  ℹ️  Изображение уже существует: casalgrande_776c1b56dc.jpg
  📄 Загрузка: https://www.casalgrandepadana.de/projekte/vox-technology-park-timisoara-romania-rusulet-miha
  ℹ️  Изображение уже существует: casalgrande_776c1b56dc.jpg
  📄 Загрузка: https://www.casalgrandepadana.de/projekte/ozeanarium-von-lissabon
  ℹ️  Изображение уже существует: casalgrande_776c1b56dc.jpg
  📄 Загрузка: https://www.casalgrandepadana.de/projekte/centrale-di-cogenerazione-cogen-bologna-italy-andr
  ℹ️  Изображение уже существует: casalgrande_776c1b56dc.jpg
  📄 Загрузка: https://www.casalgrandepadana.de/projekte/hokkaido-university-of-science-hokkaido-japan-nish
  ℹ️  Изображение уже существует: casalgrande_776c1b56dc.jpg
  📄 Загрузка: https://www.casalgrandepadana.de/projekte/villa-malta
  ℹ️  Изображение уже существует: casalgrande_776c1b56dc.jpg
  📄 Загрузка: https://www.casalgrandepadana.de/projekte/piscina-formello-roma-italy-simone-capozza-nina-vo
  ℹ️  Изображение уже существует: casalgrande_776c1b56dc.jpg
  📄 Загрузка: https://www.casalgrandepadana.de/projekte/jw-marriott-venice-resort-spa-venezia-italy-matteo
  ℹ️  Изображение уже существует: casalgrande_776c1b56dc.jpg
  📄 Загрузка: https://www.casalgrandepadana.de/projekte/996-house-vicenza-italy
  ℹ️  Изображение уже существует: casalgrande_776c1b56dc.jpg
  📄 Загрузка: https://www.casalgrandepadana.de/projekte/flatmates-frankreich
  ℹ️  Изображение уже существует: casalgrande_776c1b56dc.jpg
  📄 Загрузка: https://www.casalgrandepadana.de/projekte/docks-51aa-alfonso-femia-gianluca-peluffo
  ℹ️  Изображение уже существует: casalgrande_776c1b56dc.jpg
  📄 Загрузка: https://www.casalgrandepadana.de/projekte/montebar-villa-jm-architecture-jacopo-mascheroni
  ℹ️  Изображение уже существует: casalgrande_776c1b56dc.jpg
  📄 Загрузка: https://www.casalgrandepadana.de/projekte/nuovo-stadio-del-nuoto-di-cuneo-cliostraat-alessan
  ℹ️  Изображение уже существует: casalgrande_776c1b56dc.jpg
  📄 Загрузка: https://www.casalgrandepadana.de/projekte/iulm-knowledge-transfer-centre-51aa-alfonso-femia-
  ℹ️  Изображение уже существует: casalgrande_776c1b56dc.jpg
  📄 Загрузка: https://www.casalgrandepadana.de/projekte/casa-azpitia-arquitectura-rafael-freyre-rafael-fre
  ℹ️  Изображение уже существует: casalgrande_776c1b56dc.jpg
  📄 Загрузка: https://www.casalgrandepadana.de/projekte/swimming-pool-leffrinckoucke-jean-luc-roussel-atel
  ℹ️  Изображение уже существует: casalgrande_776c1b56dc.jpg
  📄 Загрузка: https://www.casalgrandepadana.de/projekte/centre-aqua-ludique-alain-sarfati-sarea-alain-sarf
  ℹ️  Изображение уже существует: casalgrande_776c1b56dc.jpg
  📄 Загрузка: https://www.casalgrandepadana.de/projekte/life-nuovo-quartiere-regolo-51aa-alfonso-femia-gia
  ℹ️  Изображение уже существует: casalgrande_776c1b56dc.jpg
  📄 Загрузка: https://www.casalgrandepadana.de/projekte/sky-lounge-bar-peia-associati-srl-giampiero-peia
  ℹ️  Изображение уже существует: casalgrande_776c1b56dc.jpg
  📄 Загрузка: https://www.casalgrandepadana.de/projekte/zamkowe-tarasy-gallery-boleslaw-stelmach-stelmach-
  ℹ️  Изображение уже существует: casalgrande_776c1b56dc.jpg
  📄 Загрузка: https://www.casalgrandepadana.de/projekte/wellness-centre-klab-camilla-lapucci-e-lapo-bianch
  ℹ️  Изображение уже существует: casalgrande_776c1b56dc.jpg
  📄 Загрузка: https://www.casalgrandepadana.de/projekte/115-west-street-paragon-architects-anthony-orelowi
  ℹ️  Изображение уже существует: casalgrande_776c1b56dc.jpg
  📄 Загрузка: https://www.casalgrandepadana.de/projekte/ledley-king-house-studio-bibliotheque-di-jaffreys-
  ℹ️  Изображение уже существует: casalgrande_776c1b56dc.jpg
  📄 Загрузка: https://www.casalgrandepadana.de/projekte/san-pio-da-pietrelcina-church-compound-studio-di-a
  ℹ️  Изображение уже существует: casalgrande_776c1b56dc.jpg
  ✅ Найдено проектов: 86
✅ Extracted 86 projects

🏗️  Sample projects (first 3):

  1. UAE Pavilion, Saadiyat Island Abu Dabi, UAE
     URL: https://www.casalgrandepadana.de/projekte/uae-pavilion-saadiyat-island-abu-dabi-uae
     Image: manufacturers/casalgrande_776c1b56dc.jpg
     Description: ...

  2. The Interior Design of the Swimming Pool and Sauna Complex
     URL: https://www.casalgrandepadana.de/projekte/the-interior-design-of-the-swimming-pool-and-sauna-complex
     Image: manufacturers/casalgrande_776c1b56dc.jpg
     Description: ...

  3. Neoapostolische Kapelle in Kornwestheim
     URL: https://www.casalgrandepadana.de/projekte/chiesa-neo-apostolica-di-kornwestheim
     Image: manufacturers/casalgrande_776c1b56dc.jpg
     Description: ...

============================================================
TEST 4: Extracting Blog Posts
============================================================
🔍 Парсинг новостей Casalgrande через sitemap...
  ✅ Найдено статей: 100
✅ Extracted 100 blog posts

📰 Sample posts (first 3):

  1. Eine Weitere Bedeutsame Zusammenarbeit Zwischen Ca
     URL: https://www.casalgrandepadana.de/magazine/detail/eine-weitere-bedeutsame-zusammenarbeit-zwischen-ca

  2. Hotel Hubertus Zwischen Himmel Und Erde Schwebend
     URL: https://www.casalgrandepadana.de/magazine/detail/hotel-hubertus-zwischen-himmel-und-erde-schwebend

  3. Filippo Taidelli Architekt Des Architekturburos Ft
     URL: https://www.casalgrandepadana.de/magazine/detail/filippo-taidelli-architekt-des-architekturburos-ft

============================================================
TEST COMPLETE
============================================================
